src/app/noticias/[slug]/ShareButtons.tsx(3,10): error TS2305: Module '"lucide-react"' has no exported member 'Facebook'.
src/app/noticias/[slug]/ShareButtons.tsx(3,20): error TS2305: Module '"lucide-react"' has no exported member 'Twitter'.
src/app/noticias/[slug]/ShareButtons.tsx(3,29): error TS2305: Module '"lucide-react"' has no exported member 'Linkedin'.
